../Core/Src/main.c:70:6:forward	8	static
../Core/Src/main.c:76:6:backward	8	static
../Core/Src/main.c:83:6:left	8	static
../Core/Src/main.c:90:6:right	8	static
../Core/Src/main.c:97:6:stop	8	static
../Core/Src/main.c:104:6:motor	8	static
../Core/Src/main.c:143:6:HAL_UART_RxCpltCallback	40	static
../Core/Src/main.c:169:5:main	16	static
../Core/Src/main.c:218:6:SystemClock_Config	88	static
../Core/Src/main.c:260:13:MX_USART1_UART_Init	8	static
../Core/Src/main.c:293:13:MX_USART2_UART_Init	8	static
../Core/Src/main.c:326:13:MX_GPIO_Init	40	static
../Core/Src/main.c:373:6:HAL_TIM_PeriodElapsedCallback	16	static
../Core/Src/main.c:390:6:Error_Handler	4	static
